


ARM Macro Assembler    Page 1 


    1 00000000         ;/******************************************************
                       ********************//**
    2 00000000         ; * @file     startup_TC8234.s
    3 00000000         ; * @version  V2.00
    4 00000000         ; * $Revision: 9 $
    5 00000000         ; * $Date: 16/08/27 12:33p $ 
    6 00000000         ; * @brief   Startup Source File
    7 00000000         ; *
    8 00000000         ; * @note
    9 00000000         ; * Copyright (C) 2016 Nuvoton Technology Corp. All righ
                       ts reserved.
   10 00000000         ; *
   11 00000000         ; ******************************************************
                       ************************/
   12 00000000         
   13 00000000         
   14 00000000         ;/*
   15 00000000         ;//-------- <<< Use Configuration Wizard in Context Menu
                        >>> ------------------
   16 00000000         ;*/
   17 00000000         ; <h> Stack Configuration
   18 00000000         ;   <o> Stack Size (in Bytes) <0x0-0xFFFFFFFF:8>
   19 00000000         ; </h>
   20 00000000         
   21 00000000                 IF               :LNOT: :DEF: Stack_Size
   23                          ENDIF
   24 00000000         
   25 00000000                 AREA             STACK, NOINIT, READWRITE, ALIGN
=3
   26 00000000         Stack_Mem
                               SPACE            Stack_Size
   27 00000800         __initial_sp
   28 00000800         
   29 00000800         
   30 00000800         ; <h> Heap Configuration
   31 00000800         ;   <o>  Heap Size (in Bytes) <0x0-0xFFFFFFFF:8>
   32 00000800         ; </h>
   33 00000800         
   34 00000800                 IF               :LNOT: :DEF: Heap_Size
   36                          ENDIF
   37 00000800         
   38 00000800                 AREA             HEAP, NOINIT, READWRITE, ALIGN=
3
   39 00000000         __heap_base
   40 00000000         Heap_Mem
                               SPACE            Heap_Size
   41 00000000         __heap_limit
   42 00000000         
   43 00000000         
   44 00000000                 PRESERVE8
   45 00000000                 THUMB
   46 00000000         
   47 00000000         
   48 00000000         ; Vector Table Mapped to Address 0 at Reset
   49 00000000         
   50 00000000                 AREA             RESET, DATA, READONLY
   51 00000000                 EXPORT           __Vectors
   52 00000000                 EXPORT           __Vectors_End
   53 00000000                 EXPORT           __Vectors_Size



ARM Macro Assembler    Page 2 


   54 00000000                 IMPORT           SendChar_ToUART
   55 00000000         
   56 00000000 00000000 
                       __Vectors
                               DCD              __initial_sp ;     Top of Stack
                                                            
   57 00000004 00000000        DCD              Reset_Handler 
                                                            ;     Reset Handler
                                                            
   58 00000008 00000000        DCD              NMI_Handler ;     NMI Handler
   59 0000000C 00000000        DCD              HardFault_Handler ;     Hard Fa
                                                            ult Handler
   60 00000010 00000000        DCD              0           ;     Reserved
   61 00000014 00000000        DCD              0           ;     Reserved
   62 00000018 00000000        DCD              0           ;     Reserved
   63 0000001C 00000000        DCD              0           ;     Reserved
   64 00000020 00000000        DCD              0           ;     Reserved
   65 00000024 00000000        DCD              0           ;     Reserved
   66 00000028 00000000        DCD              0           ;     Reserved
   67 0000002C 00000000        DCD              SVC_Handler ;     SVCall Handle
                                                            r
   68 00000030 00000000        DCD              0           ;     Reserved
   69 00000034 00000000        DCD              0           ;     Reserved
   70 00000038 00000000        DCD              PendSV_Handler ;     PendSV Han
                                                            dler
   71 0000003C 00000000        DCD              SysTick_Handler ;     SysTick H
                                                            andler
   72 00000040         
   73 00000040         ; External Interrupts
   74 00000040         ; maximum of 32 External Interrupts are possible
   75 00000040 00000000        DCD              BOD_IRQHandler ; 0  
   76 00000044 00000000        DCD              IRC_IRQHandler ; 1  
   77 00000048 00000000        DCD              PWRWU_IRQHandler ; 2  
   78 0000004C 00000000        DCD              SRAM_IRQHandler ; 3  
   79 00000050 00000000        DCD              CLKFAIL_IRQHandler ; 4  
   80 00000054 00000000        DCD              DEFAULT_IRQHandler ; 5  
   81 00000058 00000000        DCD              RTC_IRQHandler ; 6  
   82 0000005C 00000000        DCD              TAMPER_IRQHandler ; 7  
   83 00000060 00000000        DCD              WDT_IRQHandler ; 8  
   84 00000064 00000000        DCD              WWDT_IRQHandler ; 9  
   85 00000068 00000000        DCD              EINT0_IRQHandler ; 10 
   86 0000006C 00000000        DCD              EINT1_IRQHandler ; 11 
   87 00000070 00000000        DCD              EINT2_IRQHandler ; 12 
   88 00000074 00000000        DCD              EINT3_IRQHandler ; 13 
   89 00000078 00000000        DCD              EINT4_IRQHandler ; 14 
   90 0000007C 00000000        DCD              EINT5_IRQHandler ; 15 
   91 00000080 00000000        DCD              GPA_IRQHandler ; 16 
   92 00000084 00000000        DCD              GPB_IRQHandler ; 17 
   93 00000088 00000000        DCD              GPC_IRQHandler ; 18 
   94 0000008C 00000000        DCD              GPD_IRQHandler ; 19 
   95 00000090 00000000        DCD              GPE_IRQHandler ; 20 
   96 00000094 00000000        DCD              GPF_IRQHandler ; 21 
   97 00000098 00000000        DCD              QSPI0_IRQHandler ; 22 
   98 0000009C 00000000        DCD              SPI0_IRQHandler ; 23 
   99 000000A0 00000000        DCD              BRAKE0_IRQHandler ; 24 
  100 000000A4 00000000        DCD              EPWM0_P0_IRQHandler ; 25 
  101 000000A8 00000000        DCD              EPWM0_P1_IRQHandler ; 26 
  102 000000AC 00000000        DCD              EPWM0_P2_IRQHandler ; 27 
  103 000000B0 00000000        DCD              BRAKE1_IRQHandler ; 28 



ARM Macro Assembler    Page 3 


  104 000000B4 00000000        DCD              EPWM1_P0_IRQHandler ; 29 
  105 000000B8 00000000        DCD              EPWM1_P1_IRQHandler ; 30 
  106 000000BC 00000000        DCD              EPWM1_P2_IRQHandler ; 31 
  107 000000C0 00000000        DCD              TMR0_IRQHandler ; 32 
  108 000000C4 00000000        DCD              TMR1_IRQHandler ; 33 
  109 000000C8 00000000        DCD              TMR2_IRQHandler ; 34 
  110 000000CC 00000000        DCD              TMR3_IRQHandler ; 35 
  111 000000D0 00000000        DCD              UART0_IRQHandler ; 36 
  112 000000D4 00000000        DCD              UART1_IRQHandler ; 37 
  113 000000D8 00000000        DCD              I2C0_IRQHandler ; 38 
  114 000000DC 00000000        DCD              I2C1_IRQHandler ; 39 
  115 000000E0 00000000        DCD              PDMA0_IRQHandler ; 40 
  116 000000E4 00000000        DCD              DAC_IRQHandler ; 41 
  117 000000E8 00000000        DCD              EADC0_IRQHandler ; 42 
  118 000000EC 00000000        DCD              EADC1_IRQHandler ; 43 
  119 000000F0 00000000        DCD              ACMP01_IRQHandler ; 44 
  120 000000F4 00000000        DCD              DEFAULT_IRQHandler ; 45 
  121 000000F8 00000000        DCD              EADC2_IRQHandler ; 46 
  122 000000FC 00000000        DCD              EADC3_IRQHandler ; 47 
  123 00000100 00000000        DCD              UART2_IRQHandler ; 48 
  124 00000104 00000000        DCD              UART3_IRQHandler ; 49 
  125 00000108 00000000        DCD              DEFAULT_IRQHandler ; 50 
  126 0000010C 00000000        DCD              SPI1_IRQHandler ; 51 
  127 00000110 00000000        DCD              SPI2_IRQHandler ; 52 
  128 00000114 00000000        DCD              USBD_IRQHandler ; 53 
  129 00000118 00000000        DCD              USBH_IRQHandler ; 54 
  130 0000011C 00000000        DCD              USBOTG_IRQHandler ; 55 
  131 00000120 00000000        DCD              CAN0_IRQHandler ; 56 
  132 00000124 00000000        DCD              DEFAULT_IRQHandler ; 57 
  133 00000128 00000000        DCD              SC0_IRQHandler ; 58 
  134 0000012C 00000000        DCD              SC1_IRQHandler ; 59 
  135 00000130 00000000        DCD              SC2_IRQHandler ; 60 
  136 00000134 00000000        DCD              DEFAULT_IRQHandler ; 61 
  137 00000138 00000000        DCD              SPI3_IRQHandler ; 62 
  138 0000013C 00000000        DCD              DEFAULT_IRQHandler ; 63 
  139 00000140 00000000        DCD              SDH0_IRQHandler ; 64 
  140 00000144 00000000        DCD              DEFAULT_IRQHandler ; 65 
  141 00000148 00000000        DCD              DEFAULT_IRQHandler ; 66 
  142 0000014C 00000000        DCD              DEFAULT_IRQHandler ; 67 
  143 00000150 00000000        DCD              I2S0_IRQHandler ; 68 
  144 00000154 00000000        DCD              DEFAULT_IRQHandler ; 69 
  145 00000158 00000000        DCD              OPA0_IRQHandler ; 70 
  146 0000015C 00000000        DCD              CRPT_IRQHandler ; 71 
  147 00000160 00000000        DCD              GPG_IRQHandler ; 72 
  148 00000164 00000000        DCD              EINT6_IRQHandler ; 73 
  149 00000168 00000000        DCD              UART4_IRQHandler ; 74 
  150 0000016C 00000000        DCD              UART5_IRQHandler ; 75 
  151 00000170 00000000        DCD              USCI0_IRQHandler ; 76 
  152 00000174 00000000        DCD              USCI1_IRQHandler ; 77 
  153 00000178 00000000        DCD              BPWM0_IRQHandler ; 78 
  154 0000017C 00000000        DCD              BPWM1_IRQHandler ; 79 
  155 00000180 00000000        DCD              DEFAULT_IRQHandler ; 80 
  156 00000184 00000000        DCD              DEFAULT_IRQHandler ; 81 
  157 00000188 00000000        DCD              I2C2_IRQHandler ; 82 
  158 0000018C 00000000        DCD              DEFAULT_IRQHandler ; 83 
  159 00000190 00000000        DCD              QEI0_IRQHandler ; 84 
  160 00000194 00000000        DCD              QEI1_IRQHandler ; 85 
  161 00000198 00000000        DCD              ECAP0_IRQHandler ; 86 
  162 0000019C 00000000        DCD              ECAP1_IRQHandler ; 87 



ARM Macro Assembler    Page 4 


  163 000001A0 00000000        DCD              GPH_IRQHandler ; 88 
  164 000001A4 00000000        DCD              EINT7_IRQHandler ; 89 
  165 000001A8 00000000        DCD              DEFAULT_IRQHandler ; 90 
  166 000001AC 00000000        DCD              DEFAULT_IRQHandler ; 91 
  167 000001B0 00000000        DCD              DEFAULT_IRQHandler ; 92 
  168 000001B4 00000000        DCD              DEFAULT_IRQHandler ; 93 
  169 000001B8 00000000        DCD              DEFAULT_IRQHandler ; 94 
  170 000001BC 00000000        DCD              DEFAULT_IRQHandler ; 95 
  171 000001C0 00000000        DCD              DEFAULT_IRQHandler ; 96 
  172 000001C4 00000000        DCD              DEFAULT_IRQHandler ; 97 
  173 000001C8 00000000        DCD              PDMA1_IRQHandler ; 98 
  174 000001CC 00000000        DCD              SCU_IRQHandler ; 99 
  175 000001D0 00000000        DCD              DEFAULT_IRQHandler ; 100
  176 000001D4 00000000        DCD              TRNG_IRQHandler ; 101
  177 000001D8         
  178 000001D8         
  179 000001D8         
  180 000001D8         __Vectors_End
  181 000001D8         
  182 000001D8 000001D8 
                       __Vectors_Size
                               EQU              __Vectors_End - __Vectors
  183 000001D8         
  184 000001D8                 AREA             |.text|, CODE, READONLY
  185 00000000         
  186 00000000         
  187 00000000         ; Reset Handler
  188 00000000         
  189 00000000         Reset_Handler
                               PROC
  190 00000000                 EXPORT           Reset_Handler             [WEAK
]
  191 00000000                 IMPORT           SystemInit
  192 00000000                 IMPORT           __main
  193 00000000         
  194 00000000         
  195 00000000 480C            LDR              R0, =SystemInit
  196 00000002 4780            BLX              R0
  197 00000004 480C            LDR              R0, =__main
  198 00000006 4700            BX               R0
  199 00000008                 ENDP
  200 00000008         
  201 00000008         
  202 00000008         ; Dummy Exception Handlers (infinite loops which can be 
                       modified)
  203 00000008         
  204 00000008         NMI_Handler
                               PROC
  205 00000008                 EXPORT           NMI_Handler               [WEAK
]
  206 00000008 E7FE            B                .
  207 0000000A                 ENDP
  209 0000000A         HardFault_Handler
                               PROC
  210 0000000A                 IMPORT           ProcessHardFault
  211 0000000A                 EXPORT           HardFault_Handler         [WEAK
]
  212 0000000A 4670            MOV              R0, LR
  213 0000000C F3EF 8108       MRS              R1, MSP



ARM Macro Assembler    Page 5 


  214 00000010 F3EF 8209       MRS              R2, PSP
  215 00000014 4B09            LDR              R3, =ProcessHardFault
  216 00000016 4798            BLX              R3
  217 00000018 4700            BX               R0
  218 0000001A                 ENDP
  220 0000001A         ProcessHardFaultx
                               PROC
  221 0000001A                 EXPORT           ProcessHardFaultx          [WEA
K]
  222 0000001A E7FE            B                .
  223 0000001C                 ENDP
  224 0000001C         SVC_Handler
                               PROC
  225 0000001C                 EXPORT           SVC_Handler               [WEAK
]
  226 0000001C E7FE            B                .
  227 0000001E                 ENDP
  228 0000001E         PendSV_Handler
                               PROC
  229 0000001E                 EXPORT           PendSV_Handler            [WEAK
]
  230 0000001E E7FE            B                .
  231 00000020                 ENDP
  232 00000020         SysTick_Handler
                               PROC
  233 00000020                 EXPORT           SysTick_Handler           [WEAK
]
  234 00000020 E7FE            B                .
  235 00000022                 ENDP
  236 00000022         
  237 00000022         Default_Handler
                               PROC
  238 00000022         
  239 00000022                 EXPORT           BOD_IRQHandler        [WEAK] 
                                                            ; 0  
  240 00000022                 EXPORT           IRC_IRQHandler            [WEAK
] 
                                                            ; 1  
  241 00000022                 EXPORT           PWRWU_IRQHandler          [WEAK
] 
                                                            ; 2  
  242 00000022                 EXPORT           SRAM_IRQHandler           [WEAK
] 
                                                            ; 3  
  243 00000022                 EXPORT           CLKFAIL_IRQHandler        [WEAK
] 
                                                            ; 4  
  244 00000022         ;EXPORT  0                         [WEAK] ; 5  
  245 00000022                 EXPORT           RTC_IRQHandler            [WEAK
] 
                                                            ; 6  
  246 00000022                 EXPORT           TAMPER_IRQHandler         [WEAK
] 
                                                            ; 7  
  247 00000022                 EXPORT           WDT_IRQHandler            [WEAK
] 
                                                            ; 8  
  248 00000022                 EXPORT           WWDT_IRQHandler           [WEAK
] 



ARM Macro Assembler    Page 6 


                                                            ; 9  
  249 00000022                 EXPORT           EINT0_IRQHandler          [WEAK
] 
                                                            ; 10 
  250 00000022                 EXPORT           EINT1_IRQHandler          [WEAK
] 
                                                            ; 11 
  251 00000022                 EXPORT           EINT2_IRQHandler          [WEAK
] 
                                                            ; 12 
  252 00000022                 EXPORT           EINT3_IRQHandler          [WEAK
] 
                                                            ; 13 
  253 00000022                 EXPORT           EINT4_IRQHandler          [WEAK
] 
                                                            ; 14 
  254 00000022                 EXPORT           EINT5_IRQHandler          [WEAK
] 
                                                            ; 15 
  255 00000022                 EXPORT           GPA_IRQHandler            [WEAK
] 
                                                            ; 16 
  256 00000022                 EXPORT           GPB_IRQHandler            [WEAK
] 
                                                            ; 17 
  257 00000022                 EXPORT           GPC_IRQHandler            [WEAK
] 
                                                            ; 18 
  258 00000022                 EXPORT           GPD_IRQHandler            [WEAK
] 
                                                            ; 19 
  259 00000022                 EXPORT           GPE_IRQHandler            [WEAK
] 
                                                            ; 20 
  260 00000022                 EXPORT           GPF_IRQHandler            [WEAK
] 
                                                            ; 21 
  261 00000022                 EXPORT           QSPI0_IRQHandler          [WEAK
] 
                                                            ; 22 
  262 00000022                 EXPORT           SPI0_IRQHandler           [WEAK
] 
                                                            ; 23 
  263 00000022                 EXPORT           BRAKE0_IRQHandler         [WEAK
] 
                                                            ; 24 
  264 00000022                 EXPORT           EPWM0_P0_IRQHandler       [WEAK
] 
                                                            ; 25 
  265 00000022                 EXPORT           EPWM0_P1_IRQHandler       [WEAK
] 
                                                            ; 26 
  266 00000022                 EXPORT           EPWM0_P2_IRQHandler       [WEAK
] 
                                                            ; 27 
  267 00000022                 EXPORT           BRAKE1_IRQHandler         [WEAK
] 
                                                            ; 28 
  268 00000022                 EXPORT           EPWM1_P0_IRQHandler       [WEAK



ARM Macro Assembler    Page 7 


] 
                                                            ; 29 
  269 00000022                 EXPORT           EPWM1_P1_IRQHandler       [WEAK
] 
                                                            ; 30 
  270 00000022                 EXPORT           EPWM1_P2_IRQHandler       [WEAK
] 
                                                            ; 31 
  271 00000022                 EXPORT           TMR0_IRQHandler           [WEAK
] 
                                                            ; 32 
  272 00000022                 EXPORT           TMR1_IRQHandler           [WEAK
] 
                                                            ; 33 
  273 00000022                 EXPORT           TMR2_IRQHandler           [WEAK
] 
                                                            ; 34 
  274 00000022                 EXPORT           TMR3_IRQHandler           [WEAK
] 
                                                            ; 35 
  275 00000022                 EXPORT           UART0_IRQHandler          [WEAK
] 
                                                            ; 36 
  276 00000022                 EXPORT           UART1_IRQHandler          [WEAK
] 
                                                            ; 37 
  277 00000022                 EXPORT           I2C0_IRQHandler           [WEAK
] 
                                                            ; 38 
  278 00000022                 EXPORT           I2C1_IRQHandler           [WEAK
] 
                                                            ; 39 
  279 00000022                 EXPORT           PDMA0_IRQHandler          [WEAK
] 
                                                            ; 40 
  280 00000022                 EXPORT           DAC_IRQHandler            [WEAK
] 
                                                            ; 41 
  281 00000022                 EXPORT           EADC0_IRQHandler          [WEAK
] 
                                                            ; 42 
  282 00000022                 EXPORT           EADC1_IRQHandler          [WEAK
] 
                                                            ; 43 
  283 00000022                 EXPORT           ACMP01_IRQHandler         [WEAK
] 
                                                            ; 44 
  284 00000022         ;EXPORT  0                         [WEAK] ; 45 
  285 00000022                 EXPORT           EADC2_IRQHandler          [WEAK
] 
                                                            ; 46 
  286 00000022                 EXPORT           EADC3_IRQHandler          [WEAK
] 
                                                            ; 47 
  287 00000022                 EXPORT           UART2_IRQHandler          [WEAK
] 
                                                            ; 48 
  288 00000022                 EXPORT           UART3_IRQHandler          [WEAK
] 



ARM Macro Assembler    Page 8 


                                                            ; 49 
  289 00000022         ;EXPORT  0                         [WEAK] ; 50 
  290 00000022                 EXPORT           SPI1_IRQHandler           [WEAK
] 
                                                            ; 51 
  291 00000022                 EXPORT           SPI2_IRQHandler           [WEAK
] 
                                                            ; 52 
  292 00000022                 EXPORT           USBD_IRQHandler           [WEAK
] 
                                                            ; 53 
  293 00000022                 EXPORT           USBH_IRQHandler           [WEAK
] 
                                                            ; 54 
  294 00000022                 EXPORT           USBOTG_IRQHandler         [WEAK
] 
                                                            ; 55 
  295 00000022                 EXPORT           CAN0_IRQHandler           [WEAK
] 
                                                            ; 56 
  296 00000022                 EXPORT           CAN1_IRQHandler           [WEAK
] 
                                                            ; 57 
  297 00000022                 EXPORT           SC0_IRQHandler            [WEAK
] 
                                                            ; 58 
  298 00000022                 EXPORT           SC1_IRQHandler            [WEAK
] 
                                                            ; 59 
  299 00000022                 EXPORT           SC2_IRQHandler            [WEAK
] 
                                                            ; 60 
  300 00000022                 EXPORT           SC3_IRQHandler            [WEAK
] 
                                                            ; 61 
  301 00000022                 EXPORT           SPI3_IRQHandler           [WEAK
] 
                                                            ; 62 
  302 00000022         ;EXPORT  0                         [WEAK] ; 63 
  303 00000022                 EXPORT           SDH0_IRQHandler           [WEAK
] 
                                                            ; 64 
  304 00000022         ;EXPORT  0                         [WEAK] ; 65 
  305 00000022         ;EXPORT  0                         [WEAK] ; 66 
  306 00000022         ;EXPORT  0                         [WEAK] ; 67 
  307 00000022                 EXPORT           I2S0_IRQHandler           [WEAK
] 
                                                            ; 68 
  308 00000022         ;EXPORT  0                         [WEAK] ; 69 
  309 00000022                 EXPORT           OPA0_IRQHandler           [WEAK
] 
                                                            ; 70 
  310 00000022                 EXPORT           CRPT_IRQHandler           [WEAK
] 
                                                            ; 71 
  311 00000022                 EXPORT           GPG_IRQHandler            [WEAK
] 
                                                            ; 72 
  312 00000022                 EXPORT           EINT6_IRQHandler          [WEAK



ARM Macro Assembler    Page 9 


] 
                                                            ; 73 
  313 00000022                 EXPORT           UART4_IRQHandler          [WEAK
] 
                                                            ; 74 
  314 00000022                 EXPORT           UART5_IRQHandler          [WEAK
] 
                                                            ; 75 
  315 00000022                 EXPORT           USCI0_IRQHandler          [WEAK
] 
                                                            ; 76 
  316 00000022                 EXPORT           USCI1_IRQHandler          [WEAK
] 
                                                            ; 77 
  317 00000022                 EXPORT           BPWM0_IRQHandler          [WEAK
] 
                                                            ; 78 
  318 00000022                 EXPORT           BPWM1_IRQHandler          [WEAK
] 
                                                            ; 79 
  319 00000022         ;EXPORT  0                         [WEAK] ; 80 
  320 00000022         ;EXPORT  0                         [WEAK] ; 81 
  321 00000022                 EXPORT           I2C2_IRQHandler           [WEAK
] 
                                                            ; 82 
  322 00000022         ;EXPORT  0                         [WEAK] ; 83 
  323 00000022                 EXPORT           QEI0_IRQHandler           [WEAK
] 
                                                            ; 84 
  324 00000022                 EXPORT           QEI1_IRQHandler           [WEAK
] 
                                                            ; 85 
  325 00000022                 EXPORT           ECAP0_IRQHandler          [WEAK
] 
                                                            ; 86 
  326 00000022                 EXPORT           ECAP1_IRQHandler          [WEAK
] 
                                                            ; 87 
  327 00000022                 EXPORT           GPH_IRQHandler            [WEAK
] 
                                                            ; 88 
  328 00000022                 EXPORT           EINT7_IRQHandler          [WEAK
] 
                                                            ; 89 
  329 00000022                 EXPORT           SDH1_IRQHandler           [WEAK
] 
                                                            ; 90 
  330 00000022         ;EXPORT  0                         [WEAK] ; 91 
  331 00000022         ;EXPORT  USBH_IRQHandler           [WEAK] ; 92 
  332 00000022         ;EXPORT  0                         [WEAK] ; 93 
  333 00000022         ;EXPORT  0                         [WEAK] ; 94 
  334 00000022         ;EXPORT  0                         [WEAK] ; 95 
  335 00000022         ;EXPORT  0                         [WEAK] ; 96 
  336 00000022         ;EXPORT  0                         [WEAK] ; 97 
  337 00000022                 EXPORT           PDMA1_IRQHandler          [WEAK
] 
                                                            ; 98 
  338 00000022                 EXPORT           SCU_IRQHandler            [WEAK
] 



ARM Macro Assembler    Page 10 


                                                            ; 99 
  339 00000022         ;EXPORT  0                         [WEAK] ; 100
  340 00000022                 EXPORT           TRNG_IRQHandler           [WEAK
] 
                                                            ; 101
  341 00000022         
  342 00000022         
  343 00000022         
  344 00000022                 EXPORT           DEFAULT_IRQHandler    [WEAK]
  345 00000022         
  346 00000022         BOD_IRQHandler                       ; 0  
  347 00000022         IRC_IRQHandler                       ; 1  
  348 00000022         PWRWU_IRQHandler                     ; 2  
  349 00000022         SRAM_IRQHandler                      ; 3  
  350 00000022         CLKFAIL_IRQHandler                   ; 4  
  351 00000022         ;0                          ; 5  
  352 00000022         RTC_IRQHandler                       ; 6  
  353 00000022         TAMPER_IRQHandler                    ; 7  
  354 00000022         WDT_IRQHandler                       ; 8  
  355 00000022         WWDT_IRQHandler                      ; 9  
  356 00000022         EINT0_IRQHandler                     ; 10 
  357 00000022         EINT1_IRQHandler                     ; 11 
  358 00000022         EINT2_IRQHandler                     ; 12 
  359 00000022         EINT3_IRQHandler                     ; 13 
  360 00000022         EINT4_IRQHandler                     ; 14 
  361 00000022         EINT5_IRQHandler                     ; 15 
  362 00000022         GPA_IRQHandler                       ; 16 
  363 00000022         GPB_IRQHandler                       ; 17 
  364 00000022         GPC_IRQHandler                       ; 18 
  365 00000022         GPD_IRQHandler                       ; 19 
  366 00000022         GPE_IRQHandler                       ; 20 
  367 00000022         GPF_IRQHandler                       ; 21 
  368 00000022         QSPI0_IRQHandler                     ; 22 
  369 00000022         SPI0_IRQHandler                      ; 23 
  370 00000022         BRAKE0_IRQHandler                    ; 24 
  371 00000022         EPWM0_P0_IRQHandler                  ; 25 
  372 00000022         EPWM0_P1_IRQHandler                  ; 26 
  373 00000022         EPWM0_P2_IRQHandler                  ; 27 
  374 00000022         BRAKE1_IRQHandler                    ; 28 
  375 00000022         EPWM1_P0_IRQHandler                  ; 29 
  376 00000022         EPWM1_P1_IRQHandler                  ; 30 
  377 00000022         EPWM1_P2_IRQHandler                  ; 31 
  378 00000022         TMR0_IRQHandler                      ; 32 
  379 00000022         TMR1_IRQHandler                      ; 33 
  380 00000022         TMR2_IRQHandler                      ; 34 
  381 00000022         TMR3_IRQHandler                      ; 35 
  382 00000022         UART0_IRQHandler                     ; 36 
  383 00000022         UART1_IRQHandler                     ; 37 
  384 00000022         I2C0_IRQHandler                      ; 38 
  385 00000022         I2C1_IRQHandler                      ; 39 
  386 00000022         PDMA0_IRQHandler                     ; 40 
  387 00000022         DAC_IRQHandler                       ; 41 
  388 00000022         EADC0_IRQHandler                     ; 42 
  389 00000022         EADC1_IRQHandler                     ; 43 
  390 00000022         ACMP01_IRQHandler                    ; 44 
  391 00000022         ;0                          ; 45 
  392 00000022         EADC2_IRQHandler                     ; 46 
  393 00000022         EADC3_IRQHandler                     ; 47 
  394 00000022         UART2_IRQHandler                     ; 48 



ARM Macro Assembler    Page 11 


  395 00000022         UART3_IRQHandler                     ; 49 
  396 00000022         ;0                          ; 50 
  397 00000022         SPI1_IRQHandler                      ; 51 
  398 00000022         SPI2_IRQHandler                      ; 52 
  399 00000022         USBD_IRQHandler                      ; 53 
  400 00000022         USBH_IRQHandler                      ; 54 
  401 00000022         USBOTG_IRQHandler                    ; 55 
  402 00000022         CAN0_IRQHandler                      ; 56 
  403 00000022         CAN1_IRQHandler                      ; 57 
  404 00000022         SC0_IRQHandler                       ; 58 
  405 00000022         SC1_IRQHandler                       ; 59 
  406 00000022         SC2_IRQHandler                       ; 60 
  407 00000022         SC3_IRQHandler                       ; 61 
  408 00000022         SPI3_IRQHandler                      ; 62 
  409 00000022         ;0                          ; 63 
  410 00000022         SDH0_IRQHandler                      ; 64 
  411 00000022         ;0                          ; 65 
  412 00000022         ;0                          ; 66 
  413 00000022         ;0                          ; 67 
  414 00000022         I2S0_IRQHandler                      ; 68 
  415 00000022         ;0                          ; 69 
  416 00000022         OPA0_IRQHandler                      ; 70 
  417 00000022         CRPT_IRQHandler                      ; 71 
  418 00000022         GPG_IRQHandler                       ; 72 
  419 00000022         EINT6_IRQHandler                     ; 73 
  420 00000022         UART4_IRQHandler                     ; 74 
  421 00000022         UART5_IRQHandler                     ; 75 
  422 00000022         USCI0_IRQHandler                     ; 76 
  423 00000022         USCI1_IRQHandler                     ; 77 
  424 00000022         BPWM0_IRQHandler                     ; 78 
  425 00000022         BPWM1_IRQHandler                     ; 79 
  426 00000022         ;0                          ; 80 
  427 00000022         ;0                          ; 81 
  428 00000022         I2C2_IRQHandler                      ; 82 
  429 00000022         ;0                          ; 83 
  430 00000022         QEI0_IRQHandler                      ; 84 
  431 00000022         QEI1_IRQHandler                      ; 85 
  432 00000022         ECAP0_IRQHandler                     ; 86 
  433 00000022         ECAP1_IRQHandler                     ; 87 
  434 00000022         GPH_IRQHandler                       ; 88 
  435 00000022         EINT7_IRQHandler                     ; 89 
  436 00000022         SDH1_IRQHandler                      ; 90 
  437 00000022         ;0                          ; 91 
  438 00000022         ;USBH_IRQHandler            ; 92 
  439 00000022         ;0                          ; 93 
  440 00000022         ;0                          ; 94 
  441 00000022         ;0                          ; 95 
  442 00000022         ;0                          ; 96 
  443 00000022         ;0                          ; 97 
  444 00000022         PDMA1_IRQHandler                     ; 98 
  445 00000022         SCU_IRQHandler                       ; 99 
  446 00000022         ;0                         ; 100
  447 00000022         TRNG_IRQHandler                      ; 101
  448 00000022         DEFAULT_IRQHandler
  449 00000022 E7FE            B                .
  450 00000024                 ENDP
  451 00000024         
  452 00000024                 ALIGN
  453 00000024         



ARM Macro Assembler    Page 12 


  454 00000024         
  455 00000024         ; User Initial Stack & Heap
  456 00000024         
  457 00000024                 IF               :DEF:__MICROLIB
  458 00000024         
  459 00000024                 EXPORT           __initial_sp
  460 00000024                 EXPORT           __heap_base
  461 00000024                 EXPORT           __heap_limit
  462 00000024         
  463 00000024                 ELSE
  479                          ENDIF
  480 00000024         
  481 00000024         ;int32_t SH_DoCommand(int32_t n32In_R0, int32_t n32In_R1
                       , int32_t *pn32Out_R0)
  482 00000024         SH_DoCommand
                               PROC
  483 00000024         
  484 00000024                 EXPORT           SH_DoCommand
  485 00000024                 IMPORT           SH_Return
  486 00000024         
  487 00000024 BEAB            BKPT             0xAB        ; Wait ICE or HardF
                                                            ault
  488 00000026 4B06            LDR              R3, =SH_Return
  489 00000028 4674            MOV              R4, lr
  490 0000002A 4798            BLX              R3          ; Call SH_Return. T
                                                            he return value is 
                                                            in R0
  491 0000002C 4720            BX               R4          ; Return value = R0
                                                            
  492 0000002E         
  493 0000002E                 ENDP
  494 0000002E         
  495 0000002E         __PC    PROC
  496 0000002E                 EXPORT           __PC
  497 0000002E         
  498 0000002E 4670            MOV              r0, lr
  499 00000030 47F0            BLX              lr
  500 00000032 00 00           ALIGN
  501 00000034         
  502 00000034                 ENDP
  503 00000034         
  504 00000034                 END
              00000000 
              00000000 
              00000000 
              00000000 
Command Line: --debug --no_warn --xref --diag_suppress=9931 --cpu=8-M.Base --de
pend=.\output\startup_m2351.d -o.\output\startup_m2351.o -I.\RTE\_M2351_UlinkPr
o -IC:\Keil_v5\ARM\PACK\Nuvoton\NuMicro_DFP\1.2.1\Device\M2351\Include -IC:\Kei
l_v5\ARM\CMSIS\Include --predefine="__MICROLIB SETA 1" --predefine="__UVISION_V
ERSION SETA 524" --list=.\startup_m2351.lst ..\..\..\..\Library\Device\Nuvoton\
M2351\Source\ARM\startup_M2351.s



ARM Macro Assembler    Page 1 Alphabetic symbol ordering
Relocatable symbols

STACK 00000000

Symbol: STACK
   Definitions
      At line 25 in file ..\..\..\..\Library\Device\Nuvoton\M2351\Source\ARM\st
artup_M2351.s
   Uses
      None
Comment: STACK unused
Stack_Mem 00000000

Symbol: Stack_Mem
   Definitions
      At line 26 in file ..\..\..\..\Library\Device\Nuvoton\M2351\Source\ARM\st
artup_M2351.s
   Uses
      None
Comment: Stack_Mem unused
__initial_sp 00000800

Symbol: __initial_sp
   Definitions
      At line 27 in file ..\..\..\..\Library\Device\Nuvoton\M2351\Source\ARM\st
artup_M2351.s
   Uses
      At line 56 in file ..\..\..\..\Library\Device\Nuvoton\M2351\Source\ARM\st
artup_M2351.s
      At line 459 in file ..\..\..\..\Library\Device\Nuvoton\M2351\Source\ARM\s
tartup_M2351.s

3 symbols



ARM Macro Assembler    Page 1 Alphabetic symbol ordering
Relocatable symbols

HEAP 00000000

Symbol: HEAP
   Definitions
      At line 38 in file ..\..\..\..\Library\Device\Nuvoton\M2351\Source\ARM\st
artup_M2351.s
   Uses
      None
Comment: HEAP unused
Heap_Mem 00000000

Symbol: Heap_Mem
   Definitions
      At line 40 in file ..\..\..\..\Library\Device\Nuvoton\M2351\Source\ARM\st
artup_M2351.s
   Uses
      None
Comment: Heap_Mem unused
__heap_base 00000000

Symbol: __heap_base
   Definitions
      At line 39 in file ..\..\..\..\Library\Device\Nuvoton\M2351\Source\ARM\st
artup_M2351.s
   Uses
      At line 460 in file ..\..\..\..\Library\Device\Nuvoton\M2351\Source\ARM\s
tartup_M2351.s
Comment: __heap_base used once
__heap_limit 00000000

Symbol: __heap_limit
   Definitions
      At line 41 in file ..\..\..\..\Library\Device\Nuvoton\M2351\Source\ARM\st
artup_M2351.s
   Uses
      At line 461 in file ..\..\..\..\Library\Device\Nuvoton\M2351\Source\ARM\s
tartup_M2351.s
Comment: __heap_limit used once
4 symbols



ARM Macro Assembler    Page 1 Alphabetic symbol ordering
Relocatable symbols

RESET 00000000

Symbol: RESET
   Definitions
      At line 50 in file ..\..\..\..\Library\Device\Nuvoton\M2351\Source\ARM\st
artup_M2351.s
   Uses
      None
Comment: RESET unused
__Vectors 00000000

Symbol: __Vectors
   Definitions
      At line 56 in file ..\..\..\..\Library\Device\Nuvoton\M2351\Source\ARM\st
artup_M2351.s
   Uses
      At line 51 in file ..\..\..\..\Library\Device\Nuvoton\M2351\Source\ARM\st
artup_M2351.s
      At line 182 in file ..\..\..\..\Library\Device\Nuvoton\M2351\Source\ARM\s
tartup_M2351.s

__Vectors_End 000001D8

Symbol: __Vectors_End
   Definitions
      At line 180 in file ..\..\..\..\Library\Device\Nuvoton\M2351\Source\ARM\s
tartup_M2351.s
   Uses
      At line 52 in file ..\..\..\..\Library\Device\Nuvoton\M2351\Source\ARM\st
artup_M2351.s
      At line 182 in file ..\..\..\..\Library\Device\Nuvoton\M2351\Source\ARM\s
tartup_M2351.s

3 symbols



ARM Macro Assembler    Page 1 Alphabetic symbol ordering
Relocatable symbols

.text 00000000

Symbol: .text
   Definitions
      At line 184 in file ..\..\..\..\Library\Device\Nuvoton\M2351\Source\ARM\s
tartup_M2351.s
   Uses
      None
Comment: .text unused
ACMP01_IRQHandler 00000022

Symbol: ACMP01_IRQHandler
   Definitions
      At line 390 in file ..\..\..\..\Library\Device\Nuvoton\M2351\Source\ARM\s
tartup_M2351.s
   Uses
      At line 119 in file ..\..\..\..\Library\Device\Nuvoton\M2351\Source\ARM\s
tartup_M2351.s
      At line 283 in file ..\..\..\..\Library\Device\Nuvoton\M2351\Source\ARM\s
tartup_M2351.s

BOD_IRQHandler 00000022

Symbol: BOD_IRQHandler
   Definitions
      At line 346 in file ..\..\..\..\Library\Device\Nuvoton\M2351\Source\ARM\s
tartup_M2351.s
   Uses
      At line 75 in file ..\..\..\..\Library\Device\Nuvoton\M2351\Source\ARM\st
artup_M2351.s
      At line 239 in file ..\..\..\..\Library\Device\Nuvoton\M2351\Source\ARM\s
tartup_M2351.s

BPWM0_IRQHandler 00000022

Symbol: BPWM0_IRQHandler
   Definitions
      At line 424 in file ..\..\..\..\Library\Device\Nuvoton\M2351\Source\ARM\s
tartup_M2351.s
   Uses
      At line 153 in file ..\..\..\..\Library\Device\Nuvoton\M2351\Source\ARM\s
tartup_M2351.s
      At line 317 in file ..\..\..\..\Library\Device\Nuvoton\M2351\Source\ARM\s
tartup_M2351.s

BPWM1_IRQHandler 00000022

Symbol: BPWM1_IRQHandler
   Definitions
      At line 425 in file ..\..\..\..\Library\Device\Nuvoton\M2351\Source\ARM\s
tartup_M2351.s
   Uses
      At line 154 in file ..\..\..\..\Library\Device\Nuvoton\M2351\Source\ARM\s
tartup_M2351.s
      At line 318 in file ..\..\..\..\Library\Device\Nuvoton\M2351\Source\ARM\s
tartup_M2351.s

BRAKE0_IRQHandler 00000022




ARM Macro Assembler    Page 2 Alphabetic symbol ordering
Relocatable symbols

Symbol: BRAKE0_IRQHandler
   Definitions
      At line 370 in file ..\..\..\..\Library\Device\Nuvoton\M2351\Source\ARM\s
tartup_M2351.s
   Uses
      At line 99 in file ..\..\..\..\Library\Device\Nuvoton\M2351\Source\ARM\st
artup_M2351.s
      At line 263 in file ..\..\..\..\Library\Device\Nuvoton\M2351\Source\ARM\s
tartup_M2351.s

BRAKE1_IRQHandler 00000022

Symbol: BRAKE1_IRQHandler
   Definitions
      At line 374 in file ..\..\..\..\Library\Device\Nuvoton\M2351\Source\ARM\s
tartup_M2351.s
   Uses
      At line 103 in file ..\..\..\..\Library\Device\Nuvoton\M2351\Source\ARM\s
tartup_M2351.s
      At line 267 in file ..\..\..\..\Library\Device\Nuvoton\M2351\Source\ARM\s
tartup_M2351.s

CAN0_IRQHandler 00000022

Symbol: CAN0_IRQHandler
   Definitions
      At line 402 in file ..\..\..\..\Library\Device\Nuvoton\M2351\Source\ARM\s
tartup_M2351.s
   Uses
      At line 131 in file ..\..\..\..\Library\Device\Nuvoton\M2351\Source\ARM\s
tartup_M2351.s
      At line 295 in file ..\..\..\..\Library\Device\Nuvoton\M2351\Source\ARM\s
tartup_M2351.s

CAN1_IRQHandler 00000022

Symbol: CAN1_IRQHandler
   Definitions
      At line 403 in file ..\..\..\..\Library\Device\Nuvoton\M2351\Source\ARM\s
tartup_M2351.s
   Uses
      At line 296 in file ..\..\..\..\Library\Device\Nuvoton\M2351\Source\ARM\s
tartup_M2351.s
Comment: CAN1_IRQHandler used once
CLKFAIL_IRQHandler 00000022

Symbol: CLKFAIL_IRQHandler
   Definitions
      At line 350 in file ..\..\..\..\Library\Device\Nuvoton\M2351\Source\ARM\s
tartup_M2351.s
   Uses
      At line 79 in file ..\..\..\..\Library\Device\Nuvoton\M2351\Source\ARM\st
artup_M2351.s
      At line 243 in file ..\..\..\..\Library\Device\Nuvoton\M2351\Source\ARM\s
tartup_M2351.s

CRPT_IRQHandler 00000022

Symbol: CRPT_IRQHandler



ARM Macro Assembler    Page 3 Alphabetic symbol ordering
Relocatable symbols

   Definitions
      At line 417 in file ..\..\..\..\Library\Device\Nuvoton\M2351\Source\ARM\s
tartup_M2351.s
   Uses
      At line 146 in file ..\..\..\..\Library\Device\Nuvoton\M2351\Source\ARM\s
tartup_M2351.s
      At line 310 in file ..\..\..\..\Library\Device\Nuvoton\M2351\Source\ARM\s
tartup_M2351.s

DAC_IRQHandler 00000022

Symbol: DAC_IRQHandler
   Definitions
      At line 387 in file ..\..\..\..\Library\Device\Nuvoton\M2351\Source\ARM\s
tartup_M2351.s
   Uses
      At line 116 in file ..\..\..\..\Library\Device\Nuvoton\M2351\Source\ARM\s
tartup_M2351.s
      At line 280 in file ..\..\..\..\Library\Device\Nuvoton\M2351\Source\ARM\s
tartup_M2351.s

DEFAULT_IRQHandler 00000022

Symbol: DEFAULT_IRQHandler
   Definitions
      At line 448 in file ..\..\..\..\Library\Device\Nuvoton\M2351\Source\ARM\s
tartup_M2351.s
   Uses
      At line 80 in file ..\..\..\..\Library\Device\Nuvoton\M2351\Source\ARM\st
artup_M2351.s
      At line 120 in file ..\..\..\..\Library\Device\Nuvoton\M2351\Source\ARM\s
tartup_M2351.s
      At line 125 in file ..\..\..\..\Library\Device\Nuvoton\M2351\Source\ARM\s
tartup_M2351.s
      At line 132 in file ..\..\..\..\Library\Device\Nuvoton\M2351\Source\ARM\s
tartup_M2351.s
      At line 136 in file ..\..\..\..\Library\Device\Nuvoton\M2351\Source\ARM\s
tartup_M2351.s
      At line 138 in file ..\..\..\..\Library\Device\Nuvoton\M2351\Source\ARM\s
tartup_M2351.s
      At line 140 in file ..\..\..\..\Library\Device\Nuvoton\M2351\Source\ARM\s
tartup_M2351.s
      At line 141 in file ..\..\..\..\Library\Device\Nuvoton\M2351\Source\ARM\s
tartup_M2351.s
      At line 142 in file ..\..\..\..\Library\Device\Nuvoton\M2351\Source\ARM\s
tartup_M2351.s
      At line 144 in file ..\..\..\..\Library\Device\Nuvoton\M2351\Source\ARM\s
tartup_M2351.s
      At line 155 in file ..\..\..\..\Library\Device\Nuvoton\M2351\Source\ARM\s
tartup_M2351.s
      At line 156 in file ..\..\..\..\Library\Device\Nuvoton\M2351\Source\ARM\s
tartup_M2351.s
      At line 158 in file ..\..\..\..\Library\Device\Nuvoton\M2351\Source\ARM\s
tartup_M2351.s
      At line 165 in file ..\..\..\..\Library\Device\Nuvoton\M2351\Source\ARM\s
tartup_M2351.s
      At line 166 in file ..\..\..\..\Library\Device\Nuvoton\M2351\Source\ARM\s
tartup_M2351.s
      At line 167 in file ..\..\..\..\Library\Device\Nuvoton\M2351\Source\ARM\s



ARM Macro Assembler    Page 4 Alphabetic symbol ordering
Relocatable symbols

tartup_M2351.s
      At line 168 in file ..\..\..\..\Library\Device\Nuvoton\M2351\Source\ARM\s
tartup_M2351.s
      At line 169 in file ..\..\..\..\Library\Device\Nuvoton\M2351\Source\ARM\s
tartup_M2351.s
      At line 170 in file ..\..\..\..\Library\Device\Nuvoton\M2351\Source\ARM\s
tartup_M2351.s
      At line 171 in file ..\..\..\..\Library\Device\Nuvoton\M2351\Source\ARM\s
tartup_M2351.s
      At line 172 in file ..\..\..\..\Library\Device\Nuvoton\M2351\Source\ARM\s
tartup_M2351.s
      At line 175 in file ..\..\..\..\Library\Device\Nuvoton\M2351\Source\ARM\s
tartup_M2351.s
      At line 344 in file ..\..\..\..\Library\Device\Nuvoton\M2351\Source\ARM\s
tartup_M2351.s

Default_Handler 00000022

Symbol: Default_Handler
   Definitions
      At line 237 in file ..\..\..\..\Library\Device\Nuvoton\M2351\Source\ARM\s
tartup_M2351.s
   Uses
      None
Comment: Default_Handler unused
EADC0_IRQHandler 00000022

Symbol: EADC0_IRQHandler
   Definitions
      At line 388 in file ..\..\..\..\Library\Device\Nuvoton\M2351\Source\ARM\s
tartup_M2351.s
   Uses
      At line 117 in file ..\..\..\..\Library\Device\Nuvoton\M2351\Source\ARM\s
tartup_M2351.s
      At line 281 in file ..\..\..\..\Library\Device\Nuvoton\M2351\Source\ARM\s
tartup_M2351.s

EADC1_IRQHandler 00000022

Symbol: EADC1_IRQHandler
   Definitions
      At line 389 in file ..\..\..\..\Library\Device\Nuvoton\M2351\Source\ARM\s
tartup_M2351.s
   Uses
      At line 118 in file ..\..\..\..\Library\Device\Nuvoton\M2351\Source\ARM\s
tartup_M2351.s
      At line 282 in file ..\..\..\..\Library\Device\Nuvoton\M2351\Source\ARM\s
tartup_M2351.s

EADC2_IRQHandler 00000022

Symbol: EADC2_IRQHandler
   Definitions
      At line 392 in file ..\..\..\..\Library\Device\Nuvoton\M2351\Source\ARM\s
tartup_M2351.s
   Uses
      At line 121 in file ..\..\..\..\Library\Device\Nuvoton\M2351\Source\ARM\s
tartup_M2351.s
      At line 285 in file ..\..\..\..\Library\Device\Nuvoton\M2351\Source\ARM\s



ARM Macro Assembler    Page 5 Alphabetic symbol ordering
Relocatable symbols

tartup_M2351.s

EADC3_IRQHandler 00000022

Symbol: EADC3_IRQHandler
   Definitions
      At line 393 in file ..\..\..\..\Library\Device\Nuvoton\M2351\Source\ARM\s
tartup_M2351.s
   Uses
      At line 122 in file ..\..\..\..\Library\Device\Nuvoton\M2351\Source\ARM\s
tartup_M2351.s
      At line 286 in file ..\..\..\..\Library\Device\Nuvoton\M2351\Source\ARM\s
tartup_M2351.s

ECAP0_IRQHandler 00000022

Symbol: ECAP0_IRQHandler
   Definitions
      At line 432 in file ..\..\..\..\Library\Device\Nuvoton\M2351\Source\ARM\s
tartup_M2351.s
   Uses
      At line 161 in file ..\..\..\..\Library\Device\Nuvoton\M2351\Source\ARM\s
tartup_M2351.s
      At line 325 in file ..\..\..\..\Library\Device\Nuvoton\M2351\Source\ARM\s
tartup_M2351.s

ECAP1_IRQHandler 00000022

Symbol: ECAP1_IRQHandler
   Definitions
      At line 433 in file ..\..\..\..\Library\Device\Nuvoton\M2351\Source\ARM\s
tartup_M2351.s
   Uses
      At line 162 in file ..\..\..\..\Library\Device\Nuvoton\M2351\Source\ARM\s
tartup_M2351.s
      At line 326 in file ..\..\..\..\Library\Device\Nuvoton\M2351\Source\ARM\s
tartup_M2351.s

EINT0_IRQHandler 00000022

Symbol: EINT0_IRQHandler
   Definitions
      At line 356 in file ..\..\..\..\Library\Device\Nuvoton\M2351\Source\ARM\s
tartup_M2351.s
   Uses
      At line 85 in file ..\..\..\..\Library\Device\Nuvoton\M2351\Source\ARM\st
artup_M2351.s
      At line 249 in file ..\..\..\..\Library\Device\Nuvoton\M2351\Source\ARM\s
tartup_M2351.s

EINT1_IRQHandler 00000022

Symbol: EINT1_IRQHandler
   Definitions
      At line 357 in file ..\..\..\..\Library\Device\Nuvoton\M2351\Source\ARM\s
tartup_M2351.s
   Uses
      At line 86 in file ..\..\..\..\Library\Device\Nuvoton\M2351\Source\ARM\st
artup_M2351.s



ARM Macro Assembler    Page 6 Alphabetic symbol ordering
Relocatable symbols

      At line 250 in file ..\..\..\..\Library\Device\Nuvoton\M2351\Source\ARM\s
tartup_M2351.s

EINT2_IRQHandler 00000022

Symbol: EINT2_IRQHandler
   Definitions
      At line 358 in file ..\..\..\..\Library\Device\Nuvoton\M2351\Source\ARM\s
tartup_M2351.s
   Uses
      At line 87 in file ..\..\..\..\Library\Device\Nuvoton\M2351\Source\ARM\st
artup_M2351.s
      At line 251 in file ..\..\..\..\Library\Device\Nuvoton\M2351\Source\ARM\s
tartup_M2351.s

EINT3_IRQHandler 00000022

Symbol: EINT3_IRQHandler
   Definitions
      At line 359 in file ..\..\..\..\Library\Device\Nuvoton\M2351\Source\ARM\s
tartup_M2351.s
   Uses
      At line 88 in file ..\..\..\..\Library\Device\Nuvoton\M2351\Source\ARM\st
artup_M2351.s
      At line 252 in file ..\..\..\..\Library\Device\Nuvoton\M2351\Source\ARM\s
tartup_M2351.s

EINT4_IRQHandler 00000022

Symbol: EINT4_IRQHandler
   Definitions
      At line 360 in file ..\..\..\..\Library\Device\Nuvoton\M2351\Source\ARM\s
tartup_M2351.s
   Uses
      At line 89 in file ..\..\..\..\Library\Device\Nuvoton\M2351\Source\ARM\st
artup_M2351.s
      At line 253 in file ..\..\..\..\Library\Device\Nuvoton\M2351\Source\ARM\s
tartup_M2351.s

EINT5_IRQHandler 00000022

Symbol: EINT5_IRQHandler
   Definitions
      At line 361 in file ..\..\..\..\Library\Device\Nuvoton\M2351\Source\ARM\s
tartup_M2351.s
   Uses
      At line 90 in file ..\..\..\..\Library\Device\Nuvoton\M2351\Source\ARM\st
artup_M2351.s
      At line 254 in file ..\..\..\..\Library\Device\Nuvoton\M2351\Source\ARM\s
tartup_M2351.s

EINT6_IRQHandler 00000022

Symbol: EINT6_IRQHandler
   Definitions
      At line 419 in file ..\..\..\..\Library\Device\Nuvoton\M2351\Source\ARM\s
tartup_M2351.s
   Uses
      At line 148 in file ..\..\..\..\Library\Device\Nuvoton\M2351\Source\ARM\s



ARM Macro Assembler    Page 7 Alphabetic symbol ordering
Relocatable symbols

tartup_M2351.s
      At line 312 in file ..\..\..\..\Library\Device\Nuvoton\M2351\Source\ARM\s
tartup_M2351.s

EINT7_IRQHandler 00000022

Symbol: EINT7_IRQHandler
   Definitions
      At line 435 in file ..\..\..\..\Library\Device\Nuvoton\M2351\Source\ARM\s
tartup_M2351.s
   Uses
      At line 164 in file ..\..\..\..\Library\Device\Nuvoton\M2351\Source\ARM\s
tartup_M2351.s
      At line 328 in file ..\..\..\..\Library\Device\Nuvoton\M2351\Source\ARM\s
tartup_M2351.s

EPWM0_P0_IRQHandler 00000022

Symbol: EPWM0_P0_IRQHandler
   Definitions
      At line 371 in file ..\..\..\..\Library\Device\Nuvoton\M2351\Source\ARM\s
tartup_M2351.s
   Uses
      At line 100 in file ..\..\..\..\Library\Device\Nuvoton\M2351\Source\ARM\s
tartup_M2351.s
      At line 264 in file ..\..\..\..\Library\Device\Nuvoton\M2351\Source\ARM\s
tartup_M2351.s

EPWM0_P1_IRQHandler 00000022

Symbol: EPWM0_P1_IRQHandler
   Definitions
      At line 372 in file ..\..\..\..\Library\Device\Nuvoton\M2351\Source\ARM\s
tartup_M2351.s
   Uses
      At line 101 in file ..\..\..\..\Library\Device\Nuvoton\M2351\Source\ARM\s
tartup_M2351.s
      At line 265 in file ..\..\..\..\Library\Device\Nuvoton\M2351\Source\ARM\s
tartup_M2351.s

EPWM0_P2_IRQHandler 00000022

Symbol: EPWM0_P2_IRQHandler
   Definitions
      At line 373 in file ..\..\..\..\Library\Device\Nuvoton\M2351\Source\ARM\s
tartup_M2351.s
   Uses
      At line 102 in file ..\..\..\..\Library\Device\Nuvoton\M2351\Source\ARM\s
tartup_M2351.s
      At line 266 in file ..\..\..\..\Library\Device\Nuvoton\M2351\Source\ARM\s
tartup_M2351.s

EPWM1_P0_IRQHandler 00000022

Symbol: EPWM1_P0_IRQHandler
   Definitions
      At line 375 in file ..\..\..\..\Library\Device\Nuvoton\M2351\Source\ARM\s
tartup_M2351.s
   Uses



ARM Macro Assembler    Page 8 Alphabetic symbol ordering
Relocatable symbols

      At line 104 in file ..\..\..\..\Library\Device\Nuvoton\M2351\Source\ARM\s
tartup_M2351.s
      At line 268 in file ..\..\..\..\Library\Device\Nuvoton\M2351\Source\ARM\s
tartup_M2351.s

EPWM1_P1_IRQHandler 00000022

Symbol: EPWM1_P1_IRQHandler
   Definitions
      At line 376 in file ..\..\..\..\Library\Device\Nuvoton\M2351\Source\ARM\s
tartup_M2351.s
   Uses
      At line 105 in file ..\..\..\..\Library\Device\Nuvoton\M2351\Source\ARM\s
tartup_M2351.s
      At line 269 in file ..\..\..\..\Library\Device\Nuvoton\M2351\Source\ARM\s
tartup_M2351.s

EPWM1_P2_IRQHandler 00000022

Symbol: EPWM1_P2_IRQHandler
   Definitions
      At line 377 in file ..\..\..\..\Library\Device\Nuvoton\M2351\Source\ARM\s
tartup_M2351.s
   Uses
      At line 106 in file ..\..\..\..\Library\Device\Nuvoton\M2351\Source\ARM\s
tartup_M2351.s
      At line 270 in file ..\..\..\..\Library\Device\Nuvoton\M2351\Source\ARM\s
tartup_M2351.s

GPA_IRQHandler 00000022

Symbol: GPA_IRQHandler
   Definitions
      At line 362 in file ..\..\..\..\Library\Device\Nuvoton\M2351\Source\ARM\s
tartup_M2351.s
   Uses
      At line 91 in file ..\..\..\..\Library\Device\Nuvoton\M2351\Source\ARM\st
artup_M2351.s
      At line 255 in file ..\..\..\..\Library\Device\Nuvoton\M2351\Source\ARM\s
tartup_M2351.s

GPB_IRQHandler 00000022

Symbol: GPB_IRQHandler
   Definitions
      At line 363 in file ..\..\..\..\Library\Device\Nuvoton\M2351\Source\ARM\s
tartup_M2351.s
   Uses
      At line 92 in file ..\..\..\..\Library\Device\Nuvoton\M2351\Source\ARM\st
artup_M2351.s
      At line 256 in file ..\..\..\..\Library\Device\Nuvoton\M2351\Source\ARM\s
tartup_M2351.s

GPC_IRQHandler 00000022

Symbol: GPC_IRQHandler
   Definitions
      At line 364 in file ..\..\..\..\Library\Device\Nuvoton\M2351\Source\ARM\s
tartup_M2351.s



ARM Macro Assembler    Page 9 Alphabetic symbol ordering
Relocatable symbols

   Uses
      At line 93 in file ..\..\..\..\Library\Device\Nuvoton\M2351\Source\ARM\st
artup_M2351.s
      At line 257 in file ..\..\..\..\Library\Device\Nuvoton\M2351\Source\ARM\s
tartup_M2351.s

GPD_IRQHandler 00000022

Symbol: GPD_IRQHandler
   Definitions
      At line 365 in file ..\..\..\..\Library\Device\Nuvoton\M2351\Source\ARM\s
tartup_M2351.s
   Uses
      At line 94 in file ..\..\..\..\Library\Device\Nuvoton\M2351\Source\ARM\st
artup_M2351.s
      At line 258 in file ..\..\..\..\Library\Device\Nuvoton\M2351\Source\ARM\s
tartup_M2351.s

GPE_IRQHandler 00000022

Symbol: GPE_IRQHandler
   Definitions
      At line 366 in file ..\..\..\..\Library\Device\Nuvoton\M2351\Source\ARM\s
tartup_M2351.s
   Uses
      At line 95 in file ..\..\..\..\Library\Device\Nuvoton\M2351\Source\ARM\st
artup_M2351.s
      At line 259 in file ..\..\..\..\Library\Device\Nuvoton\M2351\Source\ARM\s
tartup_M2351.s

GPF_IRQHandler 00000022

Symbol: GPF_IRQHandler
   Definitions
      At line 367 in file ..\..\..\..\Library\Device\Nuvoton\M2351\Source\ARM\s
tartup_M2351.s
   Uses
      At line 96 in file ..\..\..\..\Library\Device\Nuvoton\M2351\Source\ARM\st
artup_M2351.s
      At line 260 in file ..\..\..\..\Library\Device\Nuvoton\M2351\Source\ARM\s
tartup_M2351.s

GPG_IRQHandler 00000022

Symbol: GPG_IRQHandler
   Definitions
      At line 418 in file ..\..\..\..\Library\Device\Nuvoton\M2351\Source\ARM\s
tartup_M2351.s
   Uses
      At line 147 in file ..\..\..\..\Library\Device\Nuvoton\M2351\Source\ARM\s
tartup_M2351.s
      At line 311 in file ..\..\..\..\Library\Device\Nuvoton\M2351\Source\ARM\s
tartup_M2351.s

GPH_IRQHandler 00000022

Symbol: GPH_IRQHandler
   Definitions
      At line 434 in file ..\..\..\..\Library\Device\Nuvoton\M2351\Source\ARM\s



ARM Macro Assembler    Page 10 Alphabetic symbol ordering
Relocatable symbols

tartup_M2351.s
   Uses
      At line 163 in file ..\..\..\..\Library\Device\Nuvoton\M2351\Source\ARM\s
tartup_M2351.s
      At line 327 in file ..\..\..\..\Library\Device\Nuvoton\M2351\Source\ARM\s
tartup_M2351.s

HardFault_Handler 0000000A

Symbol: HardFault_Handler
   Definitions
      At line 209 in file ..\..\..\..\Library\Device\Nuvoton\M2351\Source\ARM\s
tartup_M2351.s
   Uses
      At line 59 in file ..\..\..\..\Library\Device\Nuvoton\M2351\Source\ARM\st
artup_M2351.s
      At line 211 in file ..\..\..\..\Library\Device\Nuvoton\M2351\Source\ARM\s
tartup_M2351.s

I2C0_IRQHandler 00000022

Symbol: I2C0_IRQHandler
   Definitions
      At line 384 in file ..\..\..\..\Library\Device\Nuvoton\M2351\Source\ARM\s
tartup_M2351.s
   Uses
      At line 113 in file ..\..\..\..\Library\Device\Nuvoton\M2351\Source\ARM\s
tartup_M2351.s
      At line 277 in file ..\..\..\..\Library\Device\Nuvoton\M2351\Source\ARM\s
tartup_M2351.s

I2C1_IRQHandler 00000022

Symbol: I2C1_IRQHandler
   Definitions
      At line 385 in file ..\..\..\..\Library\Device\Nuvoton\M2351\Source\ARM\s
tartup_M2351.s
   Uses
      At line 114 in file ..\..\..\..\Library\Device\Nuvoton\M2351\Source\ARM\s
tartup_M2351.s
      At line 278 in file ..\..\..\..\Library\Device\Nuvoton\M2351\Source\ARM\s
tartup_M2351.s

I2C2_IRQHandler 00000022

Symbol: I2C2_IRQHandler
   Definitions
      At line 428 in file ..\..\..\..\Library\Device\Nuvoton\M2351\Source\ARM\s
tartup_M2351.s
   Uses
      At line 157 in file ..\..\..\..\Library\Device\Nuvoton\M2351\Source\ARM\s
tartup_M2351.s
      At line 321 in file ..\..\..\..\Library\Device\Nuvoton\M2351\Source\ARM\s
tartup_M2351.s

I2S0_IRQHandler 00000022

Symbol: I2S0_IRQHandler
   Definitions



ARM Macro Assembler    Page 11 Alphabetic symbol ordering
Relocatable symbols

      At line 414 in file ..\..\..\..\Library\Device\Nuvoton\M2351\Source\ARM\s
tartup_M2351.s
   Uses
      At line 143 in file ..\..\..\..\Library\Device\Nuvoton\M2351\Source\ARM\s
tartup_M2351.s
      At line 307 in file ..\..\..\..\Library\Device\Nuvoton\M2351\Source\ARM\s
tartup_M2351.s

IRC_IRQHandler 00000022

Symbol: IRC_IRQHandler
   Definitions
      At line 347 in file ..\..\..\..\Library\Device\Nuvoton\M2351\Source\ARM\s
tartup_M2351.s
   Uses
      At line 76 in file ..\..\..\..\Library\Device\Nuvoton\M2351\Source\ARM\st
artup_M2351.s
      At line 240 in file ..\..\..\..\Library\Device\Nuvoton\M2351\Source\ARM\s
tartup_M2351.s

NMI_Handler 00000008

Symbol: NMI_Handler
   Definitions
      At line 204 in file ..\..\..\..\Library\Device\Nuvoton\M2351\Source\ARM\s
tartup_M2351.s
   Uses
      At line 58 in file ..\..\..\..\Library\Device\Nuvoton\M2351\Source\ARM\st
artup_M2351.s
      At line 205 in file ..\..\..\..\Library\Device\Nuvoton\M2351\Source\ARM\s
tartup_M2351.s

OPA0_IRQHandler 00000022

Symbol: OPA0_IRQHandler
   Definitions
      At line 416 in file ..\..\..\..\Library\Device\Nuvoton\M2351\Source\ARM\s
tartup_M2351.s
   Uses
      At line 145 in file ..\..\..\..\Library\Device\Nuvoton\M2351\Source\ARM\s
tartup_M2351.s
      At line 309 in file ..\..\..\..\Library\Device\Nuvoton\M2351\Source\ARM\s
tartup_M2351.s

PDMA0_IRQHandler 00000022

Symbol: PDMA0_IRQHandler
   Definitions
      At line 386 in file ..\..\..\..\Library\Device\Nuvoton\M2351\Source\ARM\s
tartup_M2351.s
   Uses
      At line 115 in file ..\..\..\..\Library\Device\Nuvoton\M2351\Source\ARM\s
tartup_M2351.s
      At line 279 in file ..\..\..\..\Library\Device\Nuvoton\M2351\Source\ARM\s
tartup_M2351.s

PDMA1_IRQHandler 00000022

Symbol: PDMA1_IRQHandler



ARM Macro Assembler    Page 12 Alphabetic symbol ordering
Relocatable symbols

   Definitions
      At line 444 in file ..\..\..\..\Library\Device\Nuvoton\M2351\Source\ARM\s
tartup_M2351.s
   Uses
      At line 173 in file ..\..\..\..\Library\Device\Nuvoton\M2351\Source\ARM\s
tartup_M2351.s
      At line 337 in file ..\..\..\..\Library\Device\Nuvoton\M2351\Source\ARM\s
tartup_M2351.s

PWRWU_IRQHandler 00000022

Symbol: PWRWU_IRQHandler
   Definitions
      At line 348 in file ..\..\..\..\Library\Device\Nuvoton\M2351\Source\ARM\s
tartup_M2351.s
   Uses
      At line 77 in file ..\..\..\..\Library\Device\Nuvoton\M2351\Source\ARM\st
artup_M2351.s
      At line 241 in file ..\..\..\..\Library\Device\Nuvoton\M2351\Source\ARM\s
tartup_M2351.s

PendSV_Handler 0000001E

Symbol: PendSV_Handler
   Definitions
      At line 228 in file ..\..\..\..\Library\Device\Nuvoton\M2351\Source\ARM\s
tartup_M2351.s
   Uses
      At line 70 in file ..\..\..\..\Library\Device\Nuvoton\M2351\Source\ARM\st
artup_M2351.s
      At line 229 in file ..\..\..\..\Library\Device\Nuvoton\M2351\Source\ARM\s
tartup_M2351.s

ProcessHardFaultx 0000001A

Symbol: ProcessHardFaultx
   Definitions
      At line 220 in file ..\..\..\..\Library\Device\Nuvoton\M2351\Source\ARM\s
tartup_M2351.s
   Uses
      At line 221 in file ..\..\..\..\Library\Device\Nuvoton\M2351\Source\ARM\s
tartup_M2351.s
Comment: ProcessHardFaultx used once
QEI0_IRQHandler 00000022

Symbol: QEI0_IRQHandler
   Definitions
      At line 430 in file ..\..\..\..\Library\Device\Nuvoton\M2351\Source\ARM\s
tartup_M2351.s
   Uses
      At line 159 in file ..\..\..\..\Library\Device\Nuvoton\M2351\Source\ARM\s
tartup_M2351.s
      At line 323 in file ..\..\..\..\Library\Device\Nuvoton\M2351\Source\ARM\s
tartup_M2351.s

QEI1_IRQHandler 00000022

Symbol: QEI1_IRQHandler
   Definitions



ARM Macro Assembler    Page 13 Alphabetic symbol ordering
Relocatable symbols

      At line 431 in file ..\..\..\..\Library\Device\Nuvoton\M2351\Source\ARM\s
tartup_M2351.s
   Uses
      At line 160 in file ..\..\..\..\Library\Device\Nuvoton\M2351\Source\ARM\s
tartup_M2351.s
      At line 324 in file ..\..\..\..\Library\Device\Nuvoton\M2351\Source\ARM\s
tartup_M2351.s

QSPI0_IRQHandler 00000022

Symbol: QSPI0_IRQHandler
   Definitions
      At line 368 in file ..\..\..\..\Library\Device\Nuvoton\M2351\Source\ARM\s
tartup_M2351.s
   Uses
      At line 97 in file ..\..\..\..\Library\Device\Nuvoton\M2351\Source\ARM\st
artup_M2351.s
      At line 261 in file ..\..\..\..\Library\Device\Nuvoton\M2351\Source\ARM\s
tartup_M2351.s

RTC_IRQHandler 00000022

Symbol: RTC_IRQHandler
   Definitions
      At line 352 in file ..\..\..\..\Library\Device\Nuvoton\M2351\Source\ARM\s
tartup_M2351.s
   Uses
      At line 81 in file ..\..\..\..\Library\Device\Nuvoton\M2351\Source\ARM\st
artup_M2351.s
      At line 245 in file ..\..\..\..\Library\Device\Nuvoton\M2351\Source\ARM\s
tartup_M2351.s

Reset_Handler 00000000

Symbol: Reset_Handler
   Definitions
      At line 189 in file ..\..\..\..\Library\Device\Nuvoton\M2351\Source\ARM\s
tartup_M2351.s
   Uses
      At line 57 in file ..\..\..\..\Library\Device\Nuvoton\M2351\Source\ARM\st
artup_M2351.s
      At line 190 in file ..\..\..\..\Library\Device\Nuvoton\M2351\Source\ARM\s
tartup_M2351.s

SC0_IRQHandler 00000022

Symbol: SC0_IRQHandler
   Definitions
      At line 404 in file ..\..\..\..\Library\Device\Nuvoton\M2351\Source\ARM\s
tartup_M2351.s
   Uses
      At line 133 in file ..\..\..\..\Library\Device\Nuvoton\M2351\Source\ARM\s
tartup_M2351.s
      At line 297 in file ..\..\..\..\Library\Device\Nuvoton\M2351\Source\ARM\s
tartup_M2351.s

SC1_IRQHandler 00000022

Symbol: SC1_IRQHandler



ARM Macro Assembler    Page 14 Alphabetic symbol ordering
Relocatable symbols

   Definitions
      At line 405 in file ..\..\..\..\Library\Device\Nuvoton\M2351\Source\ARM\s
tartup_M2351.s
   Uses
      At line 134 in file ..\..\..\..\Library\Device\Nuvoton\M2351\Source\ARM\s
tartup_M2351.s
      At line 298 in file ..\..\..\..\Library\Device\Nuvoton\M2351\Source\ARM\s
tartup_M2351.s

SC2_IRQHandler 00000022

Symbol: SC2_IRQHandler
   Definitions
      At line 406 in file ..\..\..\..\Library\Device\Nuvoton\M2351\Source\ARM\s
tartup_M2351.s
   Uses
      At line 135 in file ..\..\..\..\Library\Device\Nuvoton\M2351\Source\ARM\s
tartup_M2351.s
      At line 299 in file ..\..\..\..\Library\Device\Nuvoton\M2351\Source\ARM\s
tartup_M2351.s

SC3_IRQHandler 00000022

Symbol: SC3_IRQHandler
   Definitions
      At line 407 in file ..\..\..\..\Library\Device\Nuvoton\M2351\Source\ARM\s
tartup_M2351.s
   Uses
      At line 300 in file ..\..\..\..\Library\Device\Nuvoton\M2351\Source\ARM\s
tartup_M2351.s
Comment: SC3_IRQHandler used once
SCU_IRQHandler 00000022

Symbol: SCU_IRQHandler
   Definitions
      At line 445 in file ..\..\..\..\Library\Device\Nuvoton\M2351\Source\ARM\s
tartup_M2351.s
   Uses
      At line 174 in file ..\..\..\..\Library\Device\Nuvoton\M2351\Source\ARM\s
tartup_M2351.s
      At line 338 in file ..\..\..\..\Library\Device\Nuvoton\M2351\Source\ARM\s
tartup_M2351.s

SDH0_IRQHandler 00000022

Symbol: SDH0_IRQHandler
   Definitions
      At line 410 in file ..\..\..\..\Library\Device\Nuvoton\M2351\Source\ARM\s
tartup_M2351.s
   Uses
      At line 139 in file ..\..\..\..\Library\Device\Nuvoton\M2351\Source\ARM\s
tartup_M2351.s
      At line 303 in file ..\..\..\..\Library\Device\Nuvoton\M2351\Source\ARM\s
tartup_M2351.s

SDH1_IRQHandler 00000022

Symbol: SDH1_IRQHandler
   Definitions



ARM Macro Assembler    Page 15 Alphabetic symbol ordering
Relocatable symbols

      At line 436 in file ..\..\..\..\Library\Device\Nuvoton\M2351\Source\ARM\s
tartup_M2351.s
   Uses
      At line 329 in file ..\..\..\..\Library\Device\Nuvoton\M2351\Source\ARM\s
tartup_M2351.s
Comment: SDH1_IRQHandler used once
SH_DoCommand 00000024

Symbol: SH_DoCommand
   Definitions
      At line 482 in file ..\..\..\..\Library\Device\Nuvoton\M2351\Source\ARM\s
tartup_M2351.s
   Uses
      At line 484 in file ..\..\..\..\Library\Device\Nuvoton\M2351\Source\ARM\s
tartup_M2351.s
Comment: SH_DoCommand used once
SPI0_IRQHandler 00000022

Symbol: SPI0_IRQHandler
   Definitions
      At line 369 in file ..\..\..\..\Library\Device\Nuvoton\M2351\Source\ARM\s
tartup_M2351.s
   Uses
      At line 98 in file ..\..\..\..\Library\Device\Nuvoton\M2351\Source\ARM\st
artup_M2351.s
      At line 262 in file ..\..\..\..\Library\Device\Nuvoton\M2351\Source\ARM\s
tartup_M2351.s

SPI1_IRQHandler 00000022

Symbol: SPI1_IRQHandler
   Definitions
      At line 397 in file ..\..\..\..\Library\Device\Nuvoton\M2351\Source\ARM\s
tartup_M2351.s
   Uses
      At line 126 in file ..\..\..\..\Library\Device\Nuvoton\M2351\Source\ARM\s
tartup_M2351.s
      At line 290 in file ..\..\..\..\Library\Device\Nuvoton\M2351\Source\ARM\s
tartup_M2351.s

SPI2_IRQHandler 00000022

Symbol: SPI2_IRQHandler
   Definitions
      At line 398 in file ..\..\..\..\Library\Device\Nuvoton\M2351\Source\ARM\s
tartup_M2351.s
   Uses
      At line 127 in file ..\..\..\..\Library\Device\Nuvoton\M2351\Source\ARM\s
tartup_M2351.s
      At line 291 in file ..\..\..\..\Library\Device\Nuvoton\M2351\Source\ARM\s
tartup_M2351.s

SPI3_IRQHandler 00000022

Symbol: SPI3_IRQHandler
   Definitions
      At line 408 in file ..\..\..\..\Library\Device\Nuvoton\M2351\Source\ARM\s
tartup_M2351.s
   Uses



ARM Macro Assembler    Page 16 Alphabetic symbol ordering
Relocatable symbols

      At line 137 in file ..\..\..\..\Library\Device\Nuvoton\M2351\Source\ARM\s
tartup_M2351.s
      At line 301 in file ..\..\..\..\Library\Device\Nuvoton\M2351\Source\ARM\s
tartup_M2351.s

SRAM_IRQHandler 00000022

Symbol: SRAM_IRQHandler
   Definitions
      At line 349 in file ..\..\..\..\Library\Device\Nuvoton\M2351\Source\ARM\s
tartup_M2351.s
   Uses
      At line 78 in file ..\..\..\..\Library\Device\Nuvoton\M2351\Source\ARM\st
artup_M2351.s
      At line 242 in file ..\..\..\..\Library\Device\Nuvoton\M2351\Source\ARM\s
tartup_M2351.s

SVC_Handler 0000001C

Symbol: SVC_Handler
   Definitions
      At line 224 in file ..\..\..\..\Library\Device\Nuvoton\M2351\Source\ARM\s
tartup_M2351.s
   Uses
      At line 67 in file ..\..\..\..\Library\Device\Nuvoton\M2351\Source\ARM\st
artup_M2351.s
      At line 225 in file ..\..\..\..\Library\Device\Nuvoton\M2351\Source\ARM\s
tartup_M2351.s

SysTick_Handler 00000020

Symbol: SysTick_Handler
   Definitions
      At line 232 in file ..\..\..\..\Library\Device\Nuvoton\M2351\Source\ARM\s
tartup_M2351.s
   Uses
      At line 71 in file ..\..\..\..\Library\Device\Nuvoton\M2351\Source\ARM\st
artup_M2351.s
      At line 233 in file ..\..\..\..\Library\Device\Nuvoton\M2351\Source\ARM\s
tartup_M2351.s

TAMPER_IRQHandler 00000022

Symbol: TAMPER_IRQHandler
   Definitions
      At line 353 in file ..\..\..\..\Library\Device\Nuvoton\M2351\Source\ARM\s
tartup_M2351.s
   Uses
      At line 82 in file ..\..\..\..\Library\Device\Nuvoton\M2351\Source\ARM\st
artup_M2351.s
      At line 246 in file ..\..\..\..\Library\Device\Nuvoton\M2351\Source\ARM\s
tartup_M2351.s

TMR0_IRQHandler 00000022

Symbol: TMR0_IRQHandler
   Definitions
      At line 378 in file ..\..\..\..\Library\Device\Nuvoton\M2351\Source\ARM\s
tartup_M2351.s



ARM Macro Assembler    Page 17 Alphabetic symbol ordering
Relocatable symbols

   Uses
      At line 107 in file ..\..\..\..\Library\Device\Nuvoton\M2351\Source\ARM\s
tartup_M2351.s
      At line 271 in file ..\..\..\..\Library\Device\Nuvoton\M2351\Source\ARM\s
tartup_M2351.s

TMR1_IRQHandler 00000022

Symbol: TMR1_IRQHandler
   Definitions
      At line 379 in file ..\..\..\..\Library\Device\Nuvoton\M2351\Source\ARM\s
tartup_M2351.s
   Uses
      At line 108 in file ..\..\..\..\Library\Device\Nuvoton\M2351\Source\ARM\s
tartup_M2351.s
      At line 272 in file ..\..\..\..\Library\Device\Nuvoton\M2351\Source\ARM\s
tartup_M2351.s

TMR2_IRQHandler 00000022

Symbol: TMR2_IRQHandler
   Definitions
      At line 380 in file ..\..\..\..\Library\Device\Nuvoton\M2351\Source\ARM\s
tartup_M2351.s
   Uses
      At line 109 in file ..\..\..\..\Library\Device\Nuvoton\M2351\Source\ARM\s
tartup_M2351.s
      At line 273 in file ..\..\..\..\Library\Device\Nuvoton\M2351\Source\ARM\s
tartup_M2351.s

TMR3_IRQHandler 00000022

Symbol: TMR3_IRQHandler
   Definitions
      At line 381 in file ..\..\..\..\Library\Device\Nuvoton\M2351\Source\ARM\s
tartup_M2351.s
   Uses
      At line 110 in file ..\..\..\..\Library\Device\Nuvoton\M2351\Source\ARM\s
tartup_M2351.s
      At line 274 in file ..\..\..\..\Library\Device\Nuvoton\M2351\Source\ARM\s
tartup_M2351.s

TRNG_IRQHandler 00000022

Symbol: TRNG_IRQHandler
   Definitions
      At line 447 in file ..\..\..\..\Library\Device\Nuvoton\M2351\Source\ARM\s
tartup_M2351.s
   Uses
      At line 176 in file ..\..\..\..\Library\Device\Nuvoton\M2351\Source\ARM\s
tartup_M2351.s
      At line 340 in file ..\..\..\..\Library\Device\Nuvoton\M2351\Source\ARM\s
tartup_M2351.s

UART0_IRQHandler 00000022

Symbol: UART0_IRQHandler
   Definitions
      At line 382 in file ..\..\..\..\Library\Device\Nuvoton\M2351\Source\ARM\s



ARM Macro Assembler    Page 18 Alphabetic symbol ordering
Relocatable symbols

tartup_M2351.s
   Uses
      At line 111 in file ..\..\..\..\Library\Device\Nuvoton\M2351\Source\ARM\s
tartup_M2351.s
      At line 275 in file ..\..\..\..\Library\Device\Nuvoton\M2351\Source\ARM\s
tartup_M2351.s

UART1_IRQHandler 00000022

Symbol: UART1_IRQHandler
   Definitions
      At line 383 in file ..\..\..\..\Library\Device\Nuvoton\M2351\Source\ARM\s
tartup_M2351.s
   Uses
      At line 112 in file ..\..\..\..\Library\Device\Nuvoton\M2351\Source\ARM\s
tartup_M2351.s
      At line 276 in file ..\..\..\..\Library\Device\Nuvoton\M2351\Source\ARM\s
tartup_M2351.s

UART2_IRQHandler 00000022

Symbol: UART2_IRQHandler
   Definitions
      At line 394 in file ..\..\..\..\Library\Device\Nuvoton\M2351\Source\ARM\s
tartup_M2351.s
   Uses
      At line 123 in file ..\..\..\..\Library\Device\Nuvoton\M2351\Source\ARM\s
tartup_M2351.s
      At line 287 in file ..\..\..\..\Library\Device\Nuvoton\M2351\Source\ARM\s
tartup_M2351.s

UART3_IRQHandler 00000022

Symbol: UART3_IRQHandler
   Definitions
      At line 395 in file ..\..\..\..\Library\Device\Nuvoton\M2351\Source\ARM\s
tartup_M2351.s
   Uses
      At line 124 in file ..\..\..\..\Library\Device\Nuvoton\M2351\Source\ARM\s
tartup_M2351.s
      At line 288 in file ..\..\..\..\Library\Device\Nuvoton\M2351\Source\ARM\s
tartup_M2351.s

UART4_IRQHandler 00000022

Symbol: UART4_IRQHandler
   Definitions
      At line 420 in file ..\..\..\..\Library\Device\Nuvoton\M2351\Source\ARM\s
tartup_M2351.s
   Uses
      At line 149 in file ..\..\..\..\Library\Device\Nuvoton\M2351\Source\ARM\s
tartup_M2351.s
      At line 313 in file ..\..\..\..\Library\Device\Nuvoton\M2351\Source\ARM\s
tartup_M2351.s

UART5_IRQHandler 00000022

Symbol: UART5_IRQHandler
   Definitions



ARM Macro Assembler    Page 19 Alphabetic symbol ordering
Relocatable symbols

      At line 421 in file ..\..\..\..\Library\Device\Nuvoton\M2351\Source\ARM\s
tartup_M2351.s
   Uses
      At line 150 in file ..\..\..\..\Library\Device\Nuvoton\M2351\Source\ARM\s
tartup_M2351.s
      At line 314 in file ..\..\..\..\Library\Device\Nuvoton\M2351\Source\ARM\s
tartup_M2351.s

USBD_IRQHandler 00000022

Symbol: USBD_IRQHandler
   Definitions
      At line 399 in file ..\..\..\..\Library\Device\Nuvoton\M2351\Source\ARM\s
tartup_M2351.s
   Uses
      At line 128 in file ..\..\..\..\Library\Device\Nuvoton\M2351\Source\ARM\s
tartup_M2351.s
      At line 292 in file ..\..\..\..\Library\Device\Nuvoton\M2351\Source\ARM\s
tartup_M2351.s

USBH_IRQHandler 00000022

Symbol: USBH_IRQHandler
   Definitions
      At line 400 in file ..\..\..\..\Library\Device\Nuvoton\M2351\Source\ARM\s
tartup_M2351.s
   Uses
      At line 129 in file ..\..\..\..\Library\Device\Nuvoton\M2351\Source\ARM\s
tartup_M2351.s
      At line 293 in file ..\..\..\..\Library\Device\Nuvoton\M2351\Source\ARM\s
tartup_M2351.s

USBOTG_IRQHandler 00000022

Symbol: USBOTG_IRQHandler
   Definitions
      At line 401 in file ..\..\..\..\Library\Device\Nuvoton\M2351\Source\ARM\s
tartup_M2351.s
   Uses
      At line 130 in file ..\..\..\..\Library\Device\Nuvoton\M2351\Source\ARM\s
tartup_M2351.s
      At line 294 in file ..\..\..\..\Library\Device\Nuvoton\M2351\Source\ARM\s
tartup_M2351.s

USCI0_IRQHandler 00000022

Symbol: USCI0_IRQHandler
   Definitions
      At line 422 in file ..\..\..\..\Library\Device\Nuvoton\M2351\Source\ARM\s
tartup_M2351.s
   Uses
      At line 151 in file ..\..\..\..\Library\Device\Nuvoton\M2351\Source\ARM\s
tartup_M2351.s
      At line 315 in file ..\..\..\..\Library\Device\Nuvoton\M2351\Source\ARM\s
tartup_M2351.s

USCI1_IRQHandler 00000022

Symbol: USCI1_IRQHandler



ARM Macro Assembler    Page 20 Alphabetic symbol ordering
Relocatable symbols

   Definitions
      At line 423 in file ..\..\..\..\Library\Device\Nuvoton\M2351\Source\ARM\s
tartup_M2351.s
   Uses
      At line 152 in file ..\..\..\..\Library\Device\Nuvoton\M2351\Source\ARM\s
tartup_M2351.s
      At line 316 in file ..\..\..\..\Library\Device\Nuvoton\M2351\Source\ARM\s
tartup_M2351.s

WDT_IRQHandler 00000022

Symbol: WDT_IRQHandler
   Definitions
      At line 354 in file ..\..\..\..\Library\Device\Nuvoton\M2351\Source\ARM\s
tartup_M2351.s
   Uses
      At line 83 in file ..\..\..\..\Library\Device\Nuvoton\M2351\Source\ARM\st
artup_M2351.s
      At line 247 in file ..\..\..\..\Library\Device\Nuvoton\M2351\Source\ARM\s
tartup_M2351.s

WWDT_IRQHandler 00000022

Symbol: WWDT_IRQHandler
   Definitions
      At line 355 in file ..\..\..\..\Library\Device\Nuvoton\M2351\Source\ARM\s
tartup_M2351.s
   Uses
      At line 84 in file ..\..\..\..\Library\Device\Nuvoton\M2351\Source\ARM\st
artup_M2351.s
      At line 248 in file ..\..\..\..\Library\Device\Nuvoton\M2351\Source\ARM\s
tartup_M2351.s

__PC 0000002E

Symbol: __PC
   Definitions
      At line 495 in file ..\..\..\..\Library\Device\Nuvoton\M2351\Source\ARM\s
tartup_M2351.s
   Uses
      At line 496 in file ..\..\..\..\Library\Device\Nuvoton\M2351\Source\ARM\s
tartup_M2351.s
Comment: __PC used once
95 symbols



ARM Macro Assembler    Page 1 Alphabetic symbol ordering
Absolute symbols

Heap_Size 00000000

Symbol: Heap_Size
   Definitions
      At line 35 in file ..\..\..\..\Library\Device\Nuvoton\M2351\Source\ARM\st
artup_M2351.s
   Uses
      At line 40 in file ..\..\..\..\Library\Device\Nuvoton\M2351\Source\ARM\st
artup_M2351.s
Comment: Heap_Size used once
Stack_Size 00000800

Symbol: Stack_Size
   Definitions
      At line 22 in file ..\..\..\..\Library\Device\Nuvoton\M2351\Source\ARM\st
artup_M2351.s
   Uses
      At line 26 in file ..\..\..\..\Library\Device\Nuvoton\M2351\Source\ARM\st
artup_M2351.s
Comment: Stack_Size used once
__Vectors_Size 000001D8

Symbol: __Vectors_Size
   Definitions
      At line 182 in file ..\..\..\..\Library\Device\Nuvoton\M2351\Source\ARM\s
tartup_M2351.s
   Uses
      At line 53 in file ..\..\..\..\Library\Device\Nuvoton\M2351\Source\ARM\st
artup_M2351.s
Comment: __Vectors_Size used once
3 symbols



ARM Macro Assembler    Page 1 Alphabetic symbol ordering
External symbols

ProcessHardFault 00000000

Symbol: ProcessHardFault
   Definitions
      At line 210 in file ..\..\..\..\Library\Device\Nuvoton\M2351\Source\ARM\s
tartup_M2351.s
   Uses
      At line 215 in file ..\..\..\..\Library\Device\Nuvoton\M2351\Source\ARM\s
tartup_M2351.s
Comment: ProcessHardFault used once
SH_Return 00000000

Symbol: SH_Return
   Definitions
      At line 485 in file ..\..\..\..\Library\Device\Nuvoton\M2351\Source\ARM\s
tartup_M2351.s
   Uses
      At line 488 in file ..\..\..\..\Library\Device\Nuvoton\M2351\Source\ARM\s
tartup_M2351.s
Comment: SH_Return used once
SendChar_ToUART 00000000

Symbol: SendChar_ToUART
   Definitions
      At line 54 in file ..\..\..\..\Library\Device\Nuvoton\M2351\Source\ARM\st
artup_M2351.s
   Uses
      None
Comment: SendChar_ToUART unused
SystemInit 00000000

Symbol: SystemInit
   Definitions
      At line 191 in file ..\..\..\..\Library\Device\Nuvoton\M2351\Source\ARM\s
tartup_M2351.s
   Uses
      At line 195 in file ..\..\..\..\Library\Device\Nuvoton\M2351\Source\ARM\s
tartup_M2351.s
Comment: SystemInit used once
__main 00000000

Symbol: __main
   Definitions
      At line 192 in file ..\..\..\..\Library\Device\Nuvoton\M2351\Source\ARM\s
tartup_M2351.s
   Uses
      At line 197 in file ..\..\..\..\Library\Device\Nuvoton\M2351\Source\ARM\s
tartup_M2351.s
Comment: __main used once
5 symbols
449 symbols in table
